\BOOKMARK [1][-]{Doc-Start}{\376\377\000R\000e\000s\000u\000m\000o}{}% 1
\BOOKMARK [1][-]{Doc-Start}{\376\377\000I\000n\000t\000r\000o\000d\000u\000\347\000\343\000o}{}% 2
\BOOKMARK [2][-]{table.caption.1}{\376\377\000M\000\351\000t\000o\000d\000o\000\040\000e\000\040\000h\000i\000e\000r\000a\000r\000q\000u\000i\000a\000\040\000d\000a\000s\000\040\000f\000o\000n\000t\000e\000s}{Doc-Start}% 3
\BOOKMARK [1][-]{section.1}{\376\377\000F\000o\000u\000n\000d\000a\000t\000i\000o\000n\000s\000\040\000a\000n\000d\000\040\000d\000e\000p\000l\000o\000y\000m\000e\000n\000t}{}% 4
\BOOKMARK [2][-]{subsection.1.1}{\376\377\000D\000e\000f\000i\000n\000i\000\347\000\343\000o\000\040\000d\000e\000\040\000c\000o\000m\000p\000u\000t\000a\000\347\000\343\000o\000\040\000e\000m\000\040\000n\000u\000v\000e\000m\000\040\000s\000e\000g\000u\000n\000d\000o\000\040\000o\000\040\000N\000I\000S\000T}{section.1}% 5
\BOOKMARK [2][-]{subsection.1.2}{\376\377\000A\000s\000\040\000c\000i\000n\000c\000o\000\040\000c\000a\000r\000a\000c\000t\000e\000r\000\355\000s\000t\000i\000c\000a\000s\000\040\000e\000s\000s\000e\000n\000c\000i\000a\000i\000s}{section.1}% 6
\BOOKMARK [2][-]{subsection.1.3}{\376\377\000C\000l\000o\000u\000d\000\040\000S\000t\000o\000r\000a\000g\000e}{section.1}% 7
\BOOKMARK [2][-]{subsection.1.4}{\376\377\000C\000o\000n\000s\000i\000s\000t\000\352\000n\000c\000i\000a\000,\000\040\000d\000u\000r\000a\000b\000i\000l\000i\000d\000a\000d\000e\000\040\000e\000\040\000d\000i\000s\000p\000o\000n\000i\000b\000i\000l\000i\000d\000a\000d\000e}{section.1}% 8
\BOOKMARK [2][-]{subsection.1.5}{\376\377\000M\000o\000d\000e\000l\000o\000s\000\040\000d\000e\000\040\000i\000m\000p\000l\000a\000n\000t\000a\000\347\000\343\000o\000:\000\040\000p\000\372\000b\000l\000i\000c\000a\000,\000\040\000p\000r\000i\000v\000a\000d\000a\000\040\000e\000\040\000h\000\355\000b\000r\000i\000d\000a}{section.1}% 9
\BOOKMARK [1][-]{section.2}{\376\377\000S\000e\000r\000v\000i\000c\000e\000\040\000M\000o\000d\000e\000l\000s\000\040\000a\000n\000d\000\040\000E\000v\000a\000l\000u\000a\000t\000i\000o\000n}{}% 10
\BOOKMARK [2][-]{subsection.2.1}{\376\377\000R\000e\000s\000p\000o\000n\000s\000a\000b\000i\000l\000i\000d\000a\000d\000e\000\040\000c\000o\000m\000p\000a\000r\000t\000i\000l\000h\000a\000d\000a\000\040\000e\000\040\000m\000o\000d\000e\000l\000o\000s\000\040\000d\000e\000\040\000s\000e\000r\000v\000i\000\347\000o}{section.2}% 11
\BOOKMARK [2][-]{subsection.2.2}{\376\377\000I\000a\000a\000S\000,\000\040\000P\000a\000a\000S\000\040\000e\000\040\000S\000a\000a\000S\000\040\000n\000a\000\040\000p\000r\000\341\000t\000i\000c\000a}{section.2}% 12
\BOOKMARK [2][-]{subsection.2.3}{\376\377\000D\000i\000s\000p\000o\000n\000i\000b\000i\000l\000i\000d\000a\000d\000e\000,\000\040\000e\000s\000c\000a\000l\000a\000b\000i\000l\000i\000d\000a\000d\000e\000\040\000e\000\040\000s\000e\000g\000u\000r\000a\000n\000\347\000a}{section.2}% 13
\BOOKMARK [2][-]{subsection.2.4}{\376\377\000O\000u\000t\000r\000o\000s\000\040\000c\000r\000i\000t\000\351\000r\000i\000o\000s\000\040\000e\000\040\000e\000v\000i\000d\000\352\000n\000c\000i\000a\000s\000\040\000d\000e\000\040\000a\000v\000a\000l\000i\000a\000\347\000\343\000o}{section.2}% 14
\BOOKMARK [1][-]{section.3}{\376\377\000E\000s\000t\000u\000d\000o\000\040\000d\000e\000\040\000c\000a\000s\000o\000:\000\040\000A\000W\000S}{}% 15
\BOOKMARK [2][-]{subsection.3.1}{\376\377\000C\000o\000m\000p\000u\000t\000a\000\347\000\343\000o\000:\000\040\000E\000C\0002}{section.3}% 16
\BOOKMARK [2][-]{subsection.3.2}{\376\377\000A\000r\000m\000a\000z\000e\000n\000a\000m\000e\000n\000t\000o\000:\000\040\000S\0003\000,\000\040\000E\000B\000S\000,\000\040\000E\000F\000S\000\040\000e\000\040\000G\000l\000a\000c\000i\000e\000r}{section.3}% 17
\BOOKMARK [2][-]{subsection.3.3}{\376\377\000B\000a\000n\000c\000o\000s\000\040\000e\000\040\000a\000n\000a\000l\000y\000t\000i\000c\000s}{section.3}% 18
\BOOKMARK [2][-]{subsection.3.4}{\376\377\000R\000D\000S\000\040\000e\000\040\000A\000u\000r\000o\000r\000a\000:\000\040\000t\000r\000a\000n\000s\000a\000\347\000\343\000o\000,\000\040\000r\000\351\000p\000l\000i\000c\000a\000\040\000e\000\040\000f\000a\000i\000l\000o\000v\000e\000r}{section.3}% 19
\BOOKMARK [2][-]{subsection.3.5}{\376\377\000D\000y\000n\000a\000m\000o\000D\000B\000:\000\040\000p\000a\000r\000t\000i\000c\000i\000o\000n\000a\000m\000e\000n\000t\000o\000\040\000e\000\040\000c\000o\000n\000s\000i\000s\000t\000\352\000n\000c\000i\000a}{section.3}% 20
\BOOKMARK [2][-]{subsection.3.6}{\376\377\000R\000e\000d\000s\000h\000i\000f\000t\000:\000\040\000p\000o\000r\000\040\000q\000u\000e\000\040\000M\000P\000P\000\040\000n\000\343\000o\000\040\000\351\000\040\000a\000p\000e\000n\000a\000s\000\040\000`\000`\000u\000m\000\040\000b\000a\000n\000c\000o\000\040\000m\000a\000i\000o\000r\000'\000'}{section.3}% 21
\BOOKMARK [2][-]{subsection.3.7}{\376\377\000L\000i\000m\000i\000t\000e\000s\000\040\000m\000u\000d\000a\000m\000\040\000a\000\040\000a\000r\000q\000u\000i\000t\000e\000t\000u\000r\000a}{section.3}% 22
\BOOKMARK [2][-]{subsection.3.8}{\376\377\000C\000a\000m\000i\000n\000h\000o\000\040\000d\000e\000\040\000u\000m\000a\000\040\000c\000o\000n\000s\000u\000l\000t\000a\000\040\000a\000n\000a\000l\000\355\000t\000i\000c\000a}{section.3}% 23
\BOOKMARK [2][-]{subsection.3.9}{\376\377\000S\000e\000g\000u\000r\000a\000n\000\347\000a\000\040\000e\000\040\000g\000o\000v\000e\000r\000n\000a\000n\000\347\000a\000\040\000p\000o\000r\000\040\000c\000a\000m\000a\000d\000a\000s}{section.3}% 24
\BOOKMARK [1][-]{section.4}{\376\377\000E\000s\000t\000u\000d\000o\000\040\000d\000e\000\040\0003\000,\0005\000\040\000P\000B}{}% 25
\BOOKMARK [2][-]{subsection.4.1}{\376\377\000P\000r\000e\000m\000i\000s\000s\000a\000s\000\040\000e\000\040\000u\000n\000i\000d\000a\000d\000e}{section.4}% 26
\BOOKMARK [2][-]{subsection.4.2}{\376\377\000A\000r\000m\000a\000z\000e\000n\000a\000m\000e\000n\000t\000o}{section.4}% 27
\BOOKMARK [2][-]{subsection.4.3}{\376\377\000T\000e\000m\000p\000e\000r\000a\000t\000u\000r\000a\000\040\000d\000o\000s\000\040\000d\000a\000d\000o\000s\000\040\000e\000\040\000c\000u\000s\000t\000o\000\040\000e\000f\000e\000t\000i\000v\000o}{section.4}% 28
\BOOKMARK [2][-]{subsection.4.4}{\376\377\000P\000r\000o\000c\000e\000s\000s\000a\000m\000e\000n\000t\000o\000\040\000e\000\040\000t\000r\000a\000n\000s\000f\000e\000r\000\352\000n\000c\000i\000a}{section.4}% 29
\BOOKMARK [2][-]{subsection.4.5}{\376\377\000Q\000u\000a\000t\000r\000o\000\040\000p\000e\000r\000f\000i\000s\000\040\000d\000e\000\040\000p\000r\000o\000c\000e\000s\000s\000a\000m\000e\000n\000t\000o}{section.4}% 30
\BOOKMARK [2][-]{subsection.4.6}{\376\377\000A\000r\000q\000u\000i\000t\000e\000t\000u\000r\000a\000\040\000r\000e\000c\000o\000m\000e\000n\000d\000a\000d\000a\000\040\000e\000\040\000c\000e\000n\000\341\000r\000i\000o\000s}{section.4}% 31
\BOOKMARK [2][-]{subsection.4.7}{\376\377\000A\000n\000\341\000l\000i\000s\000e\000\040\000d\000e\000\040\000s\000e\000n\000s\000i\000b\000i\000l\000i\000d\000a\000d\000e\000\040\000e\000\040\000T\000C\000O}{section.4}% 32
\BOOKMARK [2][-]{subsection.4.8}{\376\377\000M\000i\000g\000r\000a\000\347\000\343\000o\000,\000\040\000v\000a\000l\000i\000d\000a\000\347\000\343\000o\000\040\000e\000\040\000r\000e\000v\000e\000r\000s\000i\000b\000i\000l\000i\000d\000a\000d\000e}{section.4}% 33
\BOOKMARK [2][-]{subsection.4.9}{\376\377\000V\000a\000n\000t\000a\000g\000e\000n\000s\000,\000\040\000d\000e\000s\000v\000a\000n\000t\000a\000g\000e\000n\000s\000\040\000e\000\040\000d\000e\000c\000i\000s\000\343\000o}{section.4}% 34
\BOOKMARK [1][-]{section.5}{\376\377\000C\000o\000n\000c\000l\000u\000s\000\343\000o}{}% 35
\BOOKMARK [1][-]{section.6}{\376\377\000Q\000u\000e\000s\000t\000\365\000e\000s\000\040\000p\000a\000r\000a\000\040\000a\000p\000r\000e\000s\000e\000n\000t\000a\000\347\000\343\000o\000\040\000e\000\040\000d\000e\000b\000a\000t\000e}{}% 36
\BOOKMARK [1][-]{section.7}{\376\377\000P\000o\000s\000t\000-\000M\000o\000r\000t\000e\000m}{}% 37
\BOOKMARK [2][-]{subsection.7.1}{\376\377\000L\000o\000g\000\040\000d\000o\000s\000\040\000p\000r\000o\000m\000p\000t\000s\000-\000c\000h\000a\000v\000e}{section.7}% 38
\BOOKMARK [2][-]{subsection.7.2}{\376\377\000A\000u\000t\000o\000r\000i\000a\000\040\000e\000\040\000d\000e\000c\000i\000s\000\365\000e\000s}{section.7}% 39
\BOOKMARK [2][-]{subsection.7.3}{\376\377\000E\000r\000r\000o\000s\000\040\000d\000a\000\040\000I\000A\000\040\000e\000\040\000c\000o\000r\000r\000e\000\347\000\365\000e\000s\000\040\000a\000p\000l\000i\000c\000a\000d\000a\000s}{section.7}% 40
