This is pdfTeX, Version 3.141592653-2.6-1.40.22 (TeX Live 2022/dev/Debian) (preloaded format=pdflatex 2026.4.24)  9 SEP 2026 18:54
entering extended mode
 restricted \write18 enabled.
 %&-line parsing enabled.
**relatorio.tex
(./relatorio.tex
LaTeX2e <2021-11-15> patch level 1
L3 programming layer <2022-01-21>
(/usr/share/texlive/texmf-dist/tex/latex/base/article.cls
Document Class: article 2021/10/04 v1.4n Standard LaTeX document class
(/usr/share/texlive/texmf-dist/tex/latex/base/size11.clo
File: size11.clo 2021/10/04 v1.4n Standard LaTeX file (size option)
)
\c@part=\count185
\c@section=\count186
\c@subsection=\count187
\c@subsubsection=\count188
\c@paragraph=\count189
\c@subparagraph=\count190
\c@figure=\count191
\c@table=\count192
\abovecaptionskip=\skip47
\belowcaptionskip=\skip48
\bibindent=\dimen138
)
(/usr/share/texlive/texmf-dist/tex/latex/base/fontenc.sty
Package: fontenc 2021/04/29 v2.0v Standard LaTeX package
)
(/usr/share/texlive/texmf-dist/tex/latex/base/inputenc.sty
Package: inputenc 2021/02/14 v1.3d Input encoding file
\inpenc@prehook=\toks16
\inpenc@posthook=\toks17
)
(/usr/share/texmf/tex/latex/lm/lmodern.sty
Package: lmodern 2009/10/30 v1.6 Latin Modern Fonts
LaTeX Font Info:    Overwriting symbol font `operators' in version `normal'
(Font)                  OT1/cmr/m/n --> OT1/lmr/m/n on input line 22.
LaTeX Font Info:    Overwriting symbol font `letters' in version `normal'
(Font)                  OML/cmm/m/it --> OML/lmm/m/it on input line 23.
LaTeX Font Info:    Overwriting symbol font `symbols' in version `normal'
(Font)                  OMS/cmsy/m/n --> OMS/lmsy/m/n on input line 24.
LaTeX Font Info:    Overwriting symbol font `largesymbols' in version `normal'
(Font)                  OMX/cmex/m/n --> OMX/lmex/m/n on input line 25.
LaTeX Font Info:    Overwriting symbol font `operators' in version `bold'
(Font)                  OT1/cmr/bx/n --> OT1/lmr/bx/n on input line 26.
LaTeX Font Info:    Overwriting symbol font `letters' in version `bold'
(Font)                  OML/cmm/b/it --> OML/lmm/b/it on input line 27.
LaTeX Font Info:    Overwriting symbol font `symbols' in version `bold'
(Font)                  OMS/cmsy/b/n --> OMS/lmsy/b/n on input line 28.
LaTeX Font Info:    Overwriting symbol font `largesymbols' in version `bold'
(Font)                  OMX/cmex/m/n --> OMX/lmex/m/n on input line 29.
LaTeX Font Info:    Overwriting math alphabet `\mathbf' in version `normal'
(Font)                  OT1/cmr/bx/n --> OT1/lmr/bx/n on input line 31.
LaTeX Font Info:    Overwriting math alphabet `\mathsf' in version `normal'
(Font)                  OT1/cmss/m/n --> OT1/lmss/m/n on input line 32.
LaTeX Font Info:    Overwriting math alphabet `\mathit' in version `normal'
(Font)                  OT1/cmr/m/it --> OT1/lmr/m/it on input line 33.
LaTeX Font Info:    Overwriting math alphabet `\mathtt' in version `normal'
(Font)                  OT1/cmtt/m/n --> OT1/lmtt/m/n on input line 34.
LaTeX Font Info:    Overwriting math alphabet `\mathbf' in version `bold'
(Font)                  OT1/cmr/bx/n --> OT1/lmr/bx/n on input line 35.
LaTeX Font Info:    Overwriting math alphabet `\mathsf' in version `bold'
(Font)                  OT1/cmss/bx/n --> OT1/lmss/bx/n on input line 36.
LaTeX Font Info:    Overwriting math alphabet `\mathit' in version `bold'
(Font)                  OT1/cmr/bx/it --> OT1/lmr/bx/it on input line 37.
LaTeX Font Info:    Overwriting math alphabet `\mathtt' in version `bold'
(Font)                  OT1/cmtt/m/n --> OT1/lmtt/m/n on input line 38.
)
(/usr/share/texlive/texmf-dist/tex/latex/geometry/geometry.sty
Package: geometry 2020/01/02 v5.9 Page Geometry

(/usr/share/texlive/texmf-dist/tex/latex/graphics/keyval.sty
Package: keyval 2014/10/28 v1.15 key=value parser (DPC)
\KV@toks@=\toks18
)
(/usr/share/texlive/texmf-dist/tex/generic/iftex/ifvtex.sty
Package: ifvtex 2019/10/25 v1.7 ifvtex legacy package. Use iftex instead.

(/usr/share/texlive/texmf-dist/tex/generic/iftex/iftex.sty
Package: iftex 2020/03/06 v1.0d TeX engine tests
))
\Gm@cnth=\count193
\Gm@cntv=\count194
\c@Gm@tempcnt=\count195
\Gm@bindingoffset=\dimen139
\Gm@wd@mp=\dimen140
\Gm@odd@mp=\dimen141
\Gm@even@mp=\dimen142
\Gm@layoutwidth=\dimen143
\Gm@layoutheight=\dimen144
\Gm@layouthoffset=\dimen145
\Gm@layoutvoffset=\dimen146
\Gm@dimlist=\toks19
)
(/usr/share/texlive/texmf-dist/tex/latex/amsmath/amsmath.sty
Package: amsmath 2021/10/15 v2.17l AMS math features
\@mathmargin=\skip49

For additional information on amsmath, use the `?' option.
(/usr/share/texlive/texmf-dist/tex/latex/amsmath/amstext.sty
Package: amstext 2021/08/26 v2.01 AMS text

(/usr/share/texlive/texmf-dist/tex/latex/amsmath/amsgen.sty
File: amsgen.sty 1999/11/30 v2.0 generic functions
\@emptytoks=\toks20
\ex@=\dimen147
))
(/usr/share/texlive/texmf-dist/tex/latex/amsmath/amsbsy.sty
Package: amsbsy 1999/11/29 v1.2d Bold Symbols
\pmbraise@=\dimen148
)
(/usr/share/texlive/texmf-dist/tex/latex/amsmath/amsopn.sty
Package: amsopn 2021/08/26 v2.02 operator names
)
\inf@bad=\count196
LaTeX Info: Redefining \frac on input line 234.
\uproot@=\count197
\leftroot@=\count198
LaTeX Info: Redefining \overline on input line 399.
\classnum@=\count199
\DOTSCASE@=\count266
LaTeX Info: Redefining \ldots on input line 496.
LaTeX Info: Redefining \dots on input line 499.
LaTeX Info: Redefining \cdots on input line 620.
\Mathstrutbox@=\box50
\strutbox@=\box51
\big@size=\dimen149
LaTeX Font Info:    Redeclaring font encoding OML on input line 743.
LaTeX Font Info:    Redeclaring font encoding OMS on input line 744.
\macc@depth=\count267
\c@MaxMatrixCols=\count268
\dotsspace@=\muskip16
\c@parentequation=\count269
\dspbrk@lvl=\count270
\tag@help=\toks21
\row@=\count271
\column@=\count272
\maxfields@=\count273
\andhelp@=\toks22
\eqnshift@=\dimen150
\alignsep@=\dimen151
\tagshift@=\dimen152
\tagwidth@=\dimen153
\totwidth@=\dimen154
\lineht@=\dimen155
\@envbody=\toks23
\multlinegap=\skip50
\multlinetaggap=\skip51
\mathdisplay@stack=\toks24
LaTeX Info: Redefining \[ on input line 2938.
LaTeX Info: Redefining \] on input line 2939.
)
(/usr/share/texlive/texmf-dist/tex/latex/booktabs/booktabs.sty
Package: booktabs 2020/01/12 v1.61803398 Publication quality tables
\heavyrulewidth=\dimen156
\lightrulewidth=\dimen157
\cmidrulewidth=\dimen158
\belowrulesep=\dimen159
\belowbottomsep=\dimen160
\aboverulesep=\dimen161
\abovetopsep=\dimen162
\cmidrulesep=\dimen163
\cmidrulekern=\dimen164
\defaultaddspace=\dimen165
\@cmidla=\count274
\@cmidlb=\count275
\@aboverulesep=\dimen166
\@belowrulesep=\dimen167
\@thisruleclass=\count276
\@lastruleclass=\count277
\@thisrulewidth=\dimen168
)
(/usr/share/texlive/texmf-dist/tex/latex/tools/longtable.sty
Package: longtable 2021-09-01 v4.17 Multi-page Table package (DPC)
\LTleft=\skip52
\LTright=\skip53
\LTpre=\skip54
\LTpost=\skip55
\LTchunksize=\count278
\LTcapwidth=\dimen169
\LT@head=\box52
\LT@firsthead=\box53
\LT@foot=\box54
\LT@lastfoot=\box55
\LT@gbox=\box56
\LT@cols=\count279
\LT@rows=\count280
\c@LT@tables=\count281
\c@LT@chunks=\count282
\LT@p@ftn=\toks25
)
(/usr/share/texlive/texmf-dist/tex/latex/tools/tabularx.sty
Package: tabularx 2020/01/15 v2.11c `tabularx' package (DPC)

(/usr/share/texlive/texmf-dist/tex/latex/tools/array.sty
Package: array 2021/10/04 v2.5f Tabular extension package (FMi)
\col@sep=\dimen170
\ar@mcellbox=\box57
\extrarowheight=\dimen171
\NC@list=\toks26
\extratabsurround=\skip56
\backup@length=\skip57
\ar@cellbox=\box58
)
\TX@col@width=\dimen172
\TX@old@table=\dimen173
\TX@old@col=\dimen174
\TX@target=\dimen175
\TX@delta=\dimen176
\TX@cols=\count283
\TX@ftn=\toks27
)
(/usr/share/texlive/texmf-dist/tex/latex/multirow/multirow.sty
Package: multirow 2021/03/15 v2.8 Span multiple rows of a table
\multirow@colwidth=\skip58
\multirow@cntb=\count284
\multirow@dima=\skip59
\bigstrutjot=\dimen177
)
(/usr/share/texlive/texmf-dist/tex/latex/graphics/graphicx.sty
Package: graphicx 2021/09/16 v1.2d Enhanced LaTeX Graphics (DPC,SPQR)

(/usr/share/texlive/texmf-dist/tex/latex/graphics/graphics.sty
Package: graphics 2021/03/04 v1.4d Standard LaTeX Graphics (DPC,SPQR)

(/usr/share/texlive/texmf-dist/tex/latex/graphics/trig.sty
Package: trig 2021/08/11 v1.11 sin cos tan (DPC)
)
(/usr/share/texlive/texmf-dist/tex/latex/graphics-cfg/graphics.cfg
File: graphics.cfg 2016/06/04 v1.11 sample graphics configuration
)
Package graphics Info: Driver file: pdftex.def on input line 107.

(/usr/share/texlive/texmf-dist/tex/latex/graphics-def/pdftex.def
File: pdftex.def 2020/10/05 v1.2a Graphics/color driver for pdftex
))
\Gin@req@height=\dimen178
\Gin@req@width=\dimen179
)
(/usr/share/texlive/texmf-dist/tex/latex/xcolor/xcolor.sty
Package: xcolor 2021/10/31 v2.13 LaTeX color extensions (UK)

(/usr/share/texlive/texmf-dist/tex/latex/graphics-cfg/color.cfg
File: color.cfg 2016/01/02 v1.6 sample color configuration
)
Package xcolor Info: Driver file: pdftex.def on input line 227.
Package xcolor Info: Model `cmy' substituted by `cmy0' on input line 1352.
Package xcolor Info: Model `hsb' substituted by `rgb' on input line 1356.
Package xcolor Info: Model `RGB' extended on input line 1368.
Package xcolor Info: Model `HTML' substituted by `rgb' on input line 1370.
Package xcolor Info: Model `Hsb' substituted by `hsb' on input line 1371.
Package xcolor Info: Model `tHsb' substituted by `hsb' on input line 1372.
Package xcolor Info: Model `HSB' substituted by `hsb' on input line 1373.
Package xcolor Info: Model `Gray' substituted by `gray' on input line 1374.
Package xcolor Info: Model `wave' substituted by `hsb' on input line 1375.
)
(/usr/share/texlive/texmf-dist/tex/latex/microtype/microtype.sty
Package: microtype 2021/12/10 v3.0b Micro-typographical refinements (RS)

(/usr/share/texlive/texmf-dist/tex/latex/etoolbox/etoolbox.sty
Package: etoolbox 2020/10/05 v2.5k e-TeX tools for LaTeX (JAW)
\etb@tempcnta=\count285
)
\MT@toks=\toks28
\MT@count=\count286
\MT@tempbox=\box59
LaTeX Info: Redefining \leftprotrusion on input line 1010.
LaTeX Info: Redefining \rightprotrusion on input line 1018.
LaTeX Info: Redefining \textls on input line 1173.
\MT@outer@kern=\dimen180
LaTeX Info: Redefining \textmicrotypecontext on input line 1759.
\MT@listname@count=\count287

(/usr/share/texlive/texmf-dist/tex/latex/microtype/microtype-pdftex.def
File: microtype-pdftex.def 2021/12/10 v3.0b Definitions specific to pdftex (RS)

LaTeX Info: Redefining \lsstyle on input line 897.
LaTeX Info: Redefining \lslig on input line 897.
\MT@outer@space=\skip60
)
Package microtype Info: Loading configuration file microtype.cfg.

(/usr/share/texlive/texmf-dist/tex/latex/microtype/microtype.cfg
File: microtype.cfg 2021/12/10 v3.0b microtype main configuration file (RS)
))
(/usr/share/texlive/texmf-dist/tex/latex/enumitem/enumitem.sty
Package: enumitem 2019/06/20 v3.9 Customized lists
\labelindent=\skip61
\enit@outerparindent=\dimen181
\enit@toks=\toks29
\enit@inbox=\box60
\enit@count@id=\count288
\enitdp@description=\count289
)
(/usr/share/texlive/texmf-dist/tex/latex/ragged2e/ragged2e.sty
Package: ragged2e 2021/12/15 v3.1 ragged2e Package
\CenteringLeftskip=\skip62
\RaggedLeftLeftskip=\skip63
\RaggedRightLeftskip=\skip64
\CenteringRightskip=\skip65
\RaggedLeftRightskip=\skip66
\RaggedRightRightskip=\skip67
\CenteringParfillskip=\skip68
\RaggedLeftParfillskip=\skip69
\RaggedRightParfillskip=\skip70
\JustifyingParfillskip=\skip71
\CenteringParindent=\skip72
\RaggedLeftParindent=\skip73
\RaggedRightParindent=\skip74
\JustifyingParindent=\skip75
)
(/usr/share/texlive/texmf-dist/tex/latex/float/float.sty
Package: float 2001/11/08 v1.3d Float enhancements (AL)
\c@float@type=\count290
\float@exts=\toks30
\float@box=\box61
\@float@everytoks=\toks31
\@floatcapt=\box62
)
(/usr/share/texlive/texmf-dist/tex/latex/pdflscape/pdflscape.sty
Package: pdflscape 2019/12/05 v0.12 Display of landscape pages in PDF (HO)

(/usr/share/texlive/texmf-dist/tex/latex/graphics/lscape.sty
Package: lscape 2020/05/28 v3.02 Landscape Pages (DPC)
)
Package pdflscape Info: Auto-detected driver: pdftex on input line 81.
)
(/usr/share/texlive/texmf-dist/tex/latex/caption/caption.sty
Package: caption 2020/10/26 v3.5g Customizing captions (AR)

(/usr/share/texlive/texmf-dist/tex/latex/caption/caption3.sty
Package: caption3 2020/10/21 v2.2e caption3 kernel (AR)
\captionmargin=\dimen182
\captionmargin@=\dimen183
\captionwidth=\dimen184
\caption@tempdima=\dimen185
\caption@indent=\dimen186
\caption@parindent=\dimen187
\caption@hangindent=\dimen188
Package caption Info: Standard document class detected.
)
\c@caption@flags=\count291
\c@continuedfloat=\count292
Package caption Info: float package is loaded.
Package caption Info: longtable package is loaded.

(/usr/share/texlive/texmf-dist/tex/latex/caption/ltcaption.sty
Package: ltcaption 2020/05/30 v1.4b longtable captions (AR)
))
(/usr/share/texlive/texmf-dist/tex/latex/fancyhdr/fancyhdr.sty
Package: fancyhdr 2021/01/28 v4.0.1 Extensive control of page headers and foote
rs
\f@nch@headwidth=\skip76
\f@nch@O@elh=\skip77
\f@nch@O@erh=\skip78
\f@nch@O@olh=\skip79
\f@nch@O@orh=\skip80
\f@nch@O@elf=\skip81
\f@nch@O@erf=\skip82
\f@nch@O@olf=\skip83
\f@nch@O@orf=\skip84
)
(/usr/share/texlive/texmf-dist/tex/latex/titlesec/titlesec.sty
Package: titlesec 2021/07/05 v2.14 Sectioning titles
\ttl@box=\box63
\beforetitleunit=\skip85
\aftertitleunit=\skip86
\ttl@plus=\dimen189
\ttl@minus=\dimen190
\ttl@toksa=\toks32
\titlewidth=\dimen191
\titlewidthlast=\dimen192
\titlewidthfirst=\dimen193
)
(/usr/share/texlive/texmf-dist/tex/latex/hyperref/hyperref.sty
Package: hyperref 2021-06-07 v7.00m Hypertext links for LaTeX

(/usr/share/texlive/texmf-dist/tex/generic/ltxcmds/ltxcmds.sty
Package: ltxcmds 2020-05-10 v1.25 LaTeX kernel commands for general use (HO)
)
(/usr/share/texlive/texmf-dist/tex/generic/pdftexcmds/pdftexcmds.sty
Package: pdftexcmds 2020-06-27 v0.33 Utility functions of pdfTeX for LuaTeX (HO
)

(/usr/share/texlive/texmf-dist/tex/generic/infwarerr/infwarerr.sty
Package: infwarerr 2019/12/03 v1.5 Providing info/warning/error messages (HO)
)
Package pdftexcmds Info: \pdf@primitive is available.
Package pdftexcmds Info: \pdf@ifprimitive is available.
Package pdftexcmds Info: \pdfdraftmode found.
)
(/usr/share/texlive/texmf-dist/tex/generic/kvsetkeys/kvsetkeys.sty
Package: kvsetkeys 2019/12/15 v1.18 Key value parser (HO)
)
(/usr/share/texlive/texmf-dist/tex/generic/kvdefinekeys/kvdefinekeys.sty
Package: kvdefinekeys 2019-12-19 v1.6 Define keys (HO)
)
(/usr/share/texlive/texmf-dist/tex/generic/pdfescape/pdfescape.sty
Package: pdfescape 2019/12/09 v1.15 Implements pdfTeX's escape features (HO)
)
(/usr/share/texlive/texmf-dist/tex/latex/hycolor/hycolor.sty
Package: hycolor 2020-01-27 v1.10 Color options for hyperref/bookmark (HO)
)
(/usr/share/texlive/texmf-dist/tex/latex/letltxmacro/letltxmacro.sty
Package: letltxmacro 2019/12/03 v1.6 Let assignment for LaTeX macros (HO)
)
(/usr/share/texlive/texmf-dist/tex/latex/auxhook/auxhook.sty
Package: auxhook 2019-12-17 v1.6 Hooks for auxiliary files (HO)
)
(/usr/share/texlive/texmf-dist/tex/latex/kvoptions/kvoptions.sty
Package: kvoptions 2020-10-07 v3.14 Key value format for package options (HO)
)
\@linkdim=\dimen194
\Hy@linkcounter=\count293
\Hy@pagecounter=\count294

(/usr/share/texlive/texmf-dist/tex/latex/hyperref/pd1enc.def
File: pd1enc.def 2021-06-07 v7.00m Hyperref: PDFDocEncoding definition (HO)
Now handling font encoding PD1 ...
... no UTF-8 mapping file for font encoding PD1
)
(/usr/share/texlive/texmf-dist/tex/latex/hyperref/hyperref-langpatches.def
File: hyperref-langpatches.def 2021-06-07 v7.00m Hyperref: patches for babel la
nguages
)
(/usr/share/texlive/texmf-dist/tex/generic/intcalc/intcalc.sty
Package: intcalc 2019/12/15 v1.3 Expandable calculations with integers (HO)
)
(/usr/share/texlive/texmf-dist/tex/generic/etexcmds/etexcmds.sty
Package: etexcmds 2019/12/15 v1.7 Avoid name clashes with e-TeX commands (HO)
)
\Hy@SavedSpaceFactor=\count295

(/usr/share/texlive/texmf-dist/tex/latex/hyperref/puenc.def
File: puenc.def 2021-06-07 v7.00m Hyperref: PDF Unicode definition (HO)
Now handling font encoding PU ...
... no UTF-8 mapping file for font encoding PU
)
Package hyperref Info: Hyper figures OFF on input line 4192.
Package hyperref Info: Link nesting OFF on input line 4197.
Package hyperref Info: Hyper index ON on input line 4200.
Package hyperref Info: Plain pages OFF on input line 4207.
Package hyperref Info: Backreferencing OFF on input line 4212.
Package hyperref Info: Implicit mode ON; LaTeX internals redefined.
Package hyperref Info: Bookmarks ON on input line 4445.
\c@Hy@tempcnt=\count296

(/usr/share/texlive/texmf-dist/tex/latex/url/url.sty
\Urlmuskip=\muskip17
Package: url 2013/09/16  ver 3.4  Verb mode for urls, etc.
)
LaTeX Info: Redefining \url on input line 4804.
\XeTeXLinkMargin=\dimen195

(/usr/share/texlive/texmf-dist/tex/generic/bitset/bitset.sty
Package: bitset 2019/12/09 v1.3 Handle bit-vector datatype (HO)

(/usr/share/texlive/texmf-dist/tex/generic/bigintcalc/bigintcalc.sty
Package: bigintcalc 2019/12/15 v1.5 Expandable calculations on big integers (HO
)
))
\Fld@menulength=\count297
\Field@Width=\dimen196
\Fld@charsize=\dimen197
Package hyperref Info: Hyper figures OFF on input line 6076.
Package hyperref Info: Link nesting OFF on input line 6081.
Package hyperref Info: Hyper index ON on input line 6084.
Package hyperref Info: backreferencing OFF on input line 6091.
Package hyperref Info: Link coloring OFF on input line 6096.
Package hyperref Info: Link coloring with OCG OFF on input line 6101.
Package hyperref Info: PDF/A mode OFF on input line 6106.
LaTeX Info: Redefining \ref on input line 6146.
LaTeX Info: Redefining \pageref on input line 6150.

(/usr/share/texlive/texmf-dist/tex/latex/base/atbegshi-ltx.sty
Package: atbegshi-ltx 2021/01/10 v1.0c Emulation of the original atbegshi
package with kernel methods
)
\Hy@abspage=\count298
\c@Item=\count299
\c@Hfootnote=\count300
)
Package hyperref Info: Driver (autodetected): hpdftex.

(/usr/share/texlive/texmf-dist/tex/latex/hyperref/hpdftex.def
File: hpdftex.def 2021-06-07 v7.00m Hyperref driver for pdfTeX

(/usr/share/texlive/texmf-dist/tex/latex/base/atveryend-ltx.sty
Package: atveryend-ltx 2020/08/19 v1.0a Emulation of the original atveryend pac
kage
with kernel methods
)
\Fld@listcount=\count301
\c@bookmark@seq@number=\count302

(/usr/share/texlive/texmf-dist/tex/latex/rerunfilecheck/rerunfilecheck.sty
Package: rerunfilecheck 2019/12/05 v1.9 Rerun checks for auxiliary files (HO)

(/usr/share/texlive/texmf-dist/tex/generic/uniquecounter/uniquecounter.sty
Package: uniquecounter 2019/12/15 v1.4 Provide unlimited unique counter (HO)
)
Package uniquecounter Info: New unique counter `rerunfilecheck' on input line 2
86.
)
\Hy@SectionHShift=\skip87
)
LaTeX Font Info:    Trying to load font information for T1+lmr on input line 42
.

(/usr/share/texmf/tex/latex/lm/t1lmr.fd
File: t1lmr.fd 2009/10/30 v1.6 Font defs for Latin Modern
)
(/usr/share/texlive/texmf-dist/tex/latex/l3backend/l3backend-pdftex.def
File: l3backend-pdftex.def 2022-01-12 L3 backend support: PDF output (pdfTeX)
\l__color_backend_stack_int=\count303
\l__pdf_internal_box=\box64
)
(./relatorio.aux)
\openout1 = `relatorio.aux'.

LaTeX Font Info:    Checking defaults for OML/cmm/m/it on input line 42.
LaTeX Font Info:    ... okay on input line 42.
LaTeX Font Info:    Checking defaults for OMS/cmsy/m/n on input line 42.
LaTeX Font Info:    ... okay on input line 42.
LaTeX Font Info:    Checking defaults for OT1/cmr/m/n on input line 42.
LaTeX Font Info:    ... okay on input line 42.
LaTeX Font Info:    Checking defaults for T1/cmr/m/n on input line 42.
LaTeX Font Info:    ... okay on input line 42.
LaTeX Font Info:    Checking defaults for TS1/cmr/m/n on input line 42.
LaTeX Font Info:    ... okay on input line 42.
LaTeX Font Info:    Checking defaults for OMX/cmex/m/n on input line 42.
LaTeX Font Info:    ... okay on input line 42.
LaTeX Font Info:    Checking defaults for U/cmr/m/n on input line 42.
LaTeX Font Info:    ... okay on input line 42.
LaTeX Font Info:    Checking defaults for PD1/pdf/m/n on input line 42.
LaTeX Font Info:    ... okay on input line 42.
LaTeX Font Info:    Checking defaults for PU/pdf/m/n on input line 42.
LaTeX Font Info:    ... okay on input line 42.

*geometry* driver: auto-detecting
*geometry* detected driver: pdftex
*geometry* verbose mode - [ preamble ] result:
* driver: pdftex
* paper: a4paper
* layout: <same size as paper>
* layoutoffset:(h,v)=(0.0pt,0.0pt)
* modes: 
* h-part:(L,W,R)=(65.44142pt, 472.3155pt, 59.75095pt)
* v-part:(T,H,B)=(62.59596pt, 722.69994pt, 59.75095pt)
* \paperwidth=597.50787pt
* \paperheight=845.04684pt
* \textwidth=472.3155pt
* \textheight=722.69994pt
* \oddsidemargin=-6.82857pt
* \evensidemargin=-6.82857pt
* \topmargin=-46.67403pt
* \headheight=12.0pt
* \headsep=25.0pt
* \topskip=11.0pt
* \footskip=30.0pt
* \marginparwidth=50.0pt
* \marginparsep=10.0pt
* \columnsep=10.0pt
* \skip\footins=10.0pt plus 4.0pt minus 2.0pt
* \hoffset=0.0pt
* \voffset=0.0pt
* \mag=1000
* \@twocolumnfalse
* \@twosidefalse
* \@mparswitchfalse
* \@reversemarginfalse
* (1in=72.27pt=25.4mm, 1cm=28.453pt)

(/usr/share/texlive/texmf-dist/tex/context/base/mkii/supp-pdf.mkii
[Loading MPS to PDF converter (version 2006.09.02).]
\scratchcounter=\count304
\scratchdimen=\dimen198
\scratchbox=\box65
\nofMPsegments=\count305
\nofMParguments=\count306
\everyMPshowfont=\toks33
\MPscratchCnt=\count307
\MPscratchDim=\dimen199
\MPnumerator=\count308
\makeMPintoPDFobject=\count309
\everyMPtoPDFconversion=\toks34
) (/usr/share/texlive/texmf-dist/tex/latex/epstopdf-pkg/epstopdf-base.sty
Package: epstopdf-base 2020-01-24 v2.11 Base part for package epstopdf
Package epstopdf-base Info: Redefining graphics rule for `.eps' on input line 4
85.

(/usr/share/texlive/texmf-dist/tex/latex/latexconfig/epstopdf-sys.cfg
File: epstopdf-sys.cfg 2010/07/13 v1.3 Configuration of (r)epstopdf for TeX Liv
e
))
LaTeX Info: Redefining \microtypecontext on input line 42.
Package microtype Info: Applying patch `item' on input line 42.
Package microtype Info: Applying patch `toc' on input line 42.
Package microtype Info: Applying patch `eqnum' on input line 42.
Package microtype Info: Applying patch `footnote' on input line 42.
Package microtype Info: Generating PDF output.
Package microtype Info: Character protrusion enabled (level 2).
Package microtype Info: Using default protrusion set `alltext'.
Package microtype Info: Automatic font expansion enabled (level 2),
(microtype)             stretch: 20, shrink: 20, step: 1, non-selected.
Package microtype Info: Using default expansion set `alltext-nott'.
LaTeX Info: Redefining \showhyphens on input line 42.
Package microtype Info: No adjustment of tracking.
Package microtype Info: No adjustment of interword spacing.
Package microtype Info: No adjustment of character kerning.

(/usr/share/texlive/texmf-dist/tex/latex/microtype/mt-cmr.cfg
File: mt-cmr.cfg 2013/05/19 v2.2 microtype config. file: Computer Modern Roman 
(RS)
)
Package caption Info: Begin \AtBeginDocument code.
Package caption Info: hyperref package is loaded.
Package caption Info: End \AtBeginDocument code.
Package hyperref Info: Link coloring OFF on input line 42.

(/usr/share/texlive/texmf-dist/tex/latex/hyperref/nameref.sty
Package: nameref 2021-04-02 v2.47 Cross-referencing by name of section

(/usr/share/texlive/texmf-dist/tex/latex/refcount/refcount.sty
Package: refcount 2019/12/15 v3.6 Data extraction from label references (HO)
)
(/usr/share/texlive/texmf-dist/tex/generic/gettitlestring/gettitlestring.sty
Package: gettitlestring 2019/12/15 v1.6 Cleanup title references (HO)
)
\c@section@level=\count310
)
LaTeX Info: Redefining \ref on input line 42.
LaTeX Info: Redefining \pageref on input line 42.
LaTeX Info: Redefining \nameref on input line 42.

(./relatorio.out) (./relatorio.out)
\@outlinefile=\write3
\openout3 = `relatorio.out'.

Package microtype Info: Character `029' is missing
(microtype)             in font `T1/lmr/m/sc/12'.
(microtype)             Ignoring protrusion settings for this character.
LaTeX Font Info:    Trying to load font information for OT1+lmr on input line 5
5.
 (/usr/share/texmf/tex/latex/lm/ot1lmr.fd
File: ot1lmr.fd 2009/10/30 v1.6 Font defs for Latin Modern
)
LaTeX Font Info:    Trying to load font information for OML+lmm on input line 5
5.

(/usr/share/texmf/tex/latex/lm/omllmm.fd
File: omllmm.fd 2009/10/30 v1.6 Font defs for Latin Modern
)
LaTeX Font Info:    Trying to load font information for OMS+lmsy on input line 
55.

(/usr/share/texmf/tex/latex/lm/omslmsy.fd
File: omslmsy.fd 2009/10/30 v1.6 Font defs for Latin Modern
)
LaTeX Font Info:    Trying to load font information for OMX+lmex on input line 
55.

(/usr/share/texmf/tex/latex/lm/omxlmex.fd
File: omxlmex.fd 2009/10/30 v1.6 Font defs for Latin Modern
)
LaTeX Font Info:    External font `lmex10' loaded for size
(Font)              <10.95> on input line 55.
LaTeX Font Info:    External font `lmex10' loaded for size
(Font)              <8> on input line 55.
LaTeX Font Info:    External font `lmex10' loaded for size
(Font)              <6> on input line 55.
 [1

{/var/lib/texmf/fonts/map/pdftex/updmap/pdftex.map}] (./relatorio.toc [2

])
\tf@toc=\write4
\openout4 = `relatorio.toc'.

 [3] [4

] [5] [6]
Overfull \hbox (23.6403pt too wide) in paragraph at lines 153--153
[]|\T1/lmr/bx/n/10 (-20) Geração/Ano| 
 []


Underfull \hbox (badness 10000) in paragraph at lines 153--153
[]|\T1/lmr/bx/n/10 (+20) Velocidade
 []


Underfull \hbox (badness 10000) in paragraph at lines 153--153
[]|\T1/lmr/bx/n/10 (+20) Multi-
 []


Underfull \hbox (badness 1303) in paragraph at lines 153--153
\T1/lmr/bx/n/10 (+20) iniciador /
 []


Underfull \hbox (badness 10000) in paragraph at lines 153--153
[]|\T1/lmr/m/n/10 (+20) Revisão
 []


Underfull \hbox (badness 3209) in paragraph at lines 153--153
[]|\T1/lmr/m/n/10 (+20) 6 Gb/s ($\OMS/lmsy/m/n/10 ^^Y$
 []


Underfull \hbox (badness 10000) in paragraph at lines 153--153
[]|\T1/lmr/m/n/10 (+20) Ponto a
 []


Underfull \hbox (badness 10000) in paragraph at lines 153--153
\T1/lmr/m/n/10 (+20) (con-forme
 []


Underfull \hbox (badness 10000) in paragraph at lines 153--153
\T1/lmr/m/n/10 (+20) a re-visão
 []


Underfull \hbox (badness 10000) in paragraph at lines 153--153
[]|\T1/lmr/m/n/10 (+20) Ponto a
 []


Underfull \hbox (badness 10000) in paragraph at lines 153--153
\T1/lmr/m/n/10 (+20) ponto (ex-
 []


Underfull \hbox (badness 10000) in paragraph at lines 153--153
[]|\T1/lmr/m/n/10 (+20) Ponto a
 []


Underfull \hbox (badness 10000) in paragraph at lines 153--153
\T1/lmr/m/n/10 (+20) ponto com
 []


Underfull \hbox (badness 10000) in paragraph at lines 153--153
[]|\T1/lmr/m/n/10 (+20) Sim (dual-
 []


Underfull \hbox (badness 10000) in paragraph at lines 153--153
[]|\T1/lmr/m/n/10 (+20) 0,8 Gbps
 []


Underfull \hbox (badness 10000) in paragraph at lines 153--153
[]|\T1/lmr/m/n/10 (+20) Barramento
 []


Underfull \hbox (badness 10000) in paragraph at lines 153--153
\T1/lmr/m/n/10 (+20) peer-to-peer,
 []


Underfull \hbox (badness 10000) in paragraph at lines 153--153
[]|\T1/lmr/m/n/10 (+20) N/A (peer-
 []


Underfull \hbox (badness 10000) in paragraph at lines 153--153
[]|\T1/lmr/m/n/10 (+20) USB 3.2
 []


Underfull \hbox (badness 10000) in paragraph at lines 153--153
[]|\T1/lmr/m/n/10 (+20) Ponto a
 []


Underfull \hbox (badness 1019) in paragraph at lines 153--153
\T1/lmr/m/n/10 (+20) ponto (host-
 []


Underfull \hbox (badness 10000) in paragraph at lines 153--153
\T1/lmr/m/n/10 (+20) agre-ga-dos
 []


Underfull \hbox (badness 10000) in paragraph at lines 153--153
[]|\T1/lmr/m/n/10 (+20) Ponto a
 []


Underfull \hbox (badness 1019) in paragraph at lines 153--153
\T1/lmr/m/n/10 (+20) ponto (host-
 []


Underfull \hbox (badness 10000) in paragraph at lines 153--153
\T1/lmr/m/n/10 (+20) cêntrico),
 []


Underfull \hbox (badness 10000) in paragraph at lines 153--153
\T1/lmr/m/n/10 (+20) túnel de
 []


Underfull \hbox (badness 10000) in paragraph at lines 153--153
[]|\T1/lmr/m/n/10 (+20) Depende
 []


Underfull \hbox (badness 2393) in paragraph at lines 153--153
\T1/lmr/m/n/10 (+20) da in-ter-face
 []


Underfull \hbox (badness 10000) in paragraph at lines 153--153
\T1/lmr/m/n/10 (+20) física agre-
 []


Underfull \hbox (badness 10000) in paragraph at lines 153--153
[]|\T1/lmr/m/n/10 (+20) Adaptador
 []


Underfull \hbox (badness 10000) in paragraph at lines 153--153
[]|\T1/lmr/m/n/10 (+20) Depende
 []


Underfull \hbox (badness 10000) in paragraph at lines 153--153
\T1/lmr/m/n/10 (+20) do modo
 []


Overfull \hbox (7.12193pt too wide) in paragraph at lines 153--153
\T1/lmr/m/n/10 (-20) (JBOD/RAID)| 
 []

[7]
LaTeX Font Info:    Trying to load font information for TS1+lmr on input line 1
73.
 (/usr/share/texmf/tex/latex/lm/ts1lmr.fd
File: ts1lmr.fd 2009/10/30 v1.6 Font defs for Latin Modern
) [8] [9] [10] [11]
Underfull \hbox (badness 10000) in paragraph at lines 238--238
[]|\T1/lmr/bx/n/10.95 (+20) N\TS1/lmr/bx/n/10.95 (+20) º
 []


Underfull \hbox (badness 10000) in paragraph at lines 238--238
\T1/lmr/bx/n/10.95 (+20) mín.
 []


Underfull \hbox (badness 10000) in paragraph at lines 238--238
[]|\T1/lmr/bx/n/10.95 (+20) Discos
 []


Underfull \hbox (badness 10000) in paragraph at lines 238--238
\T1/lmr/bx/n/10.95 (+20) tol-er-a-
 []


Overfull \hbox (10.83101pt too wide) in paragraph at lines 238--238
[]|\T1/lmr/bx/n/10.95 (-20) Capacidade
 []


Overfull \hbox (17.45677pt too wide) in paragraph at lines 238--238
[]|\T1/lmr/bx/n/10.95 (-20) Desempenho
 []


Overfull \hbox (57.77399pt too wide) in alignment at lines 237--238
 [] [] [] [] [] [] [] 
 []


Underfull \hbox (badness 10000) in paragraph at lines 239--239
[]|\T1/lmr/m/n/10.95 (+20) Striping em
 []


Underfull \hbox (badness 3108) in paragraph at lines 239--240
[]|\T1/lmr/m/n/10.95 (+20) Dados não críti-cos/temporários
 []


Underfull \hbox (badness 10000) in paragraph at lines 240--240
[]|\T1/lmr/m/n/10.95 (+20) Espelhamento
 []


Underfull \hbox (badness 10000) in paragraph at lines 240--240
[]|\T1/lmr/m/n/10.95 (+20) Moderado
 []


Underfull \hbox (badness 10000) in paragraph at lines 240--240
\T1/lmr/m/n/10.95 (+20) (2
 []


Underfull \hbox (badness 10000) in paragraph at lines 241--241
[]|\T1/lmr/m/n/10.95 (+20) Muitos
 []


Underfull \hbox (badness 10000) in paragraph at lines 241--241
\T1/lmr/m/n/10.95 (+20) (ex.:
 []


Underfull \hbox (badness 10000) in paragraph at lines 241--241
[]|\T1/lmr/m/n/10.95 (+20) 1
 []


Underfull \hbox (badness 10000) in paragraph at lines 241--241
[]|$\OT1/lmr/m/n/10.95 (+20) (\OML/lmm/m/it/10.95 N \OMS/lmsy/m/n/10.95 ^^@
 []


Underfull \hbox (badness 10000) in paragraph at lines 241--241
[]\OT1/lmr/m/n/10.95 (+20) ) \OMS/lmsy/m/n/10.95 ^^B
 []


Underfull \hbox (badness 10000) in paragraph at lines 241--241
[]|\T1/lmr/m/n/10.95 (+20) Alto
 []


Underfull \hbox (badness 10000) in paragraph at lines 242--242
\T1/lmr/m/n/10.95 (+20) galo na
 []


Underfull \hbox (badness 10000) in paragraph at lines 243--243
[]|\T1/lmr/m/n/10.95 (+20) Striping em
 []


Underfull \hbox (badness 1147) in paragraph at lines 243--243
\T1/lmr/m/n/10.95 (+20) bloco + pari-
 []


Underfull \hbox (badness 10000) in paragraph at lines 243--243
\T1/lmr/m/n/10.95 (+20) galo na
 []


Underfull \hbox (badness 1406) in paragraph at lines 243--244
[]|\T1/lmr/m/n/10.95 (+20) Pouco us-ado --- su-per-ado pelo
 []


Underfull \hbox (badness 10000) in paragraph at lines 244--244
[]|\T1/lmr/m/n/10.95 (+20) Striping
 []


Underfull \hbox (badness 10000) in paragraph at lines 244--244
\T1/lmr/m/n/10.95 (+20) em bloco
 []


Underfull \hbox (badness 10000) in paragraph at lines 244--244
\T1/lmr/m/n/10.95 (+20) + pari-dade
 []


Underfull \hbox (badness 10000) in paragraph at lines 244--244
[]|\T1/lmr/m/n/10.95 (+20) Moderado
 []


Underfull \hbox (badness 10000) in paragraph at lines 244--244
\T1/lmr/m/n/10.95 (+20) (write
 []


Underfull \hbox (badness 10000) in paragraph at lines 245--245
[]|\T1/lmr/m/n/10.95 (+20) Striping em
 []


Underfull \hbox (badness 7064) in paragraph at lines 245--245
\T1/lmr/m/n/10.95 (+20) bloco + du-
 []


Underfull \hbox (badness 10000) in paragraph at lines 245--245
\T1/lmr/m/n/10.95 (+20) pla pari-dade
 []


Underfull \hbox (badness 10000) in paragraph at lines 245--245
[]|\T1/lmr/m/n/10.95 (+20) Moderado-
 []


Underfull \hbox (badness 10000) in paragraph at lines 246--246
[]|\T1/lmr/m/n/10.95 (+20) RAID
 []


Underfull \hbox (badness 4872) in paragraph at lines 246--246
[]|\T1/lmr/m/n/10.95 (+20) 1 (risco
 []


Underfull \hbox (badness 10000) in paragraph at lines 246--246
\T1/lmr/m/n/10.95 (+20) el-e-vado
 []


Underfull \hbox (badness 10000) in paragraph at lines 246--246
\T1/lmr/m/n/10.95 (+20) na 2\TS1/lmr/m/n/10.95 (+20) ª
 []


Overfull \hbox (1.79518pt too wide) in paragraph at lines 247--247
[]|\T1/lmr/m/n/10.95 (-20) Múltiplos
 []


Underfull \hbox (badness 10000) in paragraph at lines 247--247
\T1/lmr/m/n/10.95 (+20) (pares
 []


Underfull \hbox (badness 10000) in paragraph at lines 247--247
\T1/lmr/m/n/10.95 (+20) dis-tin-
 []


Overfull \hbox (57.77399pt too wide) in alignment at lines 238--248
 [] [] [] [] [] [] [] 
 []

[12] [13] [14] [15]
Underfull \hbox (badness 2384) in paragraph at lines 330--331
\OMS/lmsy/m/n/10.95 !$ \T1/lmr/m/n/10.95 (+20) MTTR $\OMS/lmsy/m/n/10.95 !$ \T1
/lmr/m/n/10.95 (+20) MTBF $\OMS/lmsy/m/n/10.95 !$
 []


Underfull \hbox (badness 10000) in paragraph at lines 331--332
[]|\T1/lmr/m/n/10.95 (+20) Conceitos enx-u-ga-dos na
 []


Underfull \hbox (badness 10000) in paragraph at lines 331--332
\T1/lmr/m/n/10.95 (+20) Seção 6.1 para evi-tar
 []


Underfull \hbox (badness 10000) in paragraph at lines 332--333
[]|\T1/lmr/m/n/10.95 (+20) Adicionada dis-tinção ex-
 []


Underfull \hbox (badness 4569) in paragraph at lines 333--333
[]|\T1/lmr/m/n/10.95 (+20) A IA usou as nomen-
 []


Underfull \hbox (badness 10000) in paragraph at lines 333--333
[]|\T1/lmr/m/n/10.95 (+20) Conferência de Vi-vian
 []


Underfull \hbox (badness 1043) in paragraph at lines 333--333
\T1/lmr/m/n/10.95 (+20) Maria da Silva e Souza
 []


Underfull \hbox (badness 10000) in paragraph at lines 333--334
[]|\T1/lmr/m/n/10.95 (+20) Substituição por SATA
 []


Underfull \hbox (badness 1688) in paragraph at lines 333--334
\T1/lmr/m/n/10.95 (+20) 1,5/3/6 Gb/s, at-u-al-iza-ção
 []


Underfull \hbox (badness 5274) in paragraph at lines 333--334
\T1/lmr/m/n/10.95 (+20) re-solvida e val-i-dada por
 []


Underfull \hbox (badness 2443) in paragraph at lines 333--334
\T1/lmr/m/n/10.95 (+20) Vi-vian Maria da Silva e
 []


Underfull \hbox (badness 1783) in paragraph at lines 334--334
[]|\T1/lmr/m/n/10.95 (+20) A IA gen-er-al-i-zou car-ac-
 []


Underfull \hbox (badness 6125) in paragraph at lines 334--334
[]|\T1/lmr/m/n/10.95 (+20) Revisão téc-nica e con-
 []


Underfull \hbox (badness 1117) in paragraph at lines 334--334
[]|\T1/lmr/m/n/10.95 (+20) Texto qual-i-fi-cado: lim-ites
 []


Underfull \hbox (badness 3792) in paragraph at lines 334--334
\T1/lmr/m/n/10.95 (+20) pas-saram a de-pen-der da
 []


Underfull \hbox (badness 7012) in paragraph at lines 334--334
\T1/lmr/m/n/10.95 (+20) im-ple-men-tação; 24/7 foi
 []


Underfull \hbox (badness 2913) in paragraph at lines 334--334
\T1/lmr/m/n/10.95 (+20) gada e PCIe condi-cional;
 []

[16] [17]
LaTeX Font Info:    Trying to load font information for T1+lmtt on input line 3
45.
 (/usr/share/texmf/tex/latex/lm/t1lmtt.fd
File: t1lmtt.fd 2009/10/30 v1.6 Font defs for Latin Modern
)
Package microtype Info: Loading generic protrusion settings for font family
(microtype)             `lmtt' (encoding: T1).
(microtype)             For optimal results, create family-specific settings.
(microtype)             See the microtype manual for details.

Underfull \hbox (badness 10000) in paragraph at lines 348--349
\T1/lmtt/m/n/10.95 sites / default / files / 2022-[]10 / USB-[]IF % 20USB % 208
0Gbps % 20Announcement _ FINAL _ v2 . pdf$[]\T1/lmr/m/n/10.95 (+20) .
 []

[18] (./relatorio.aux)
Package rerunfilecheck Info: File `relatorio.out' has not changed.
(rerunfilecheck)             Checksum: 46031A98C1304859AEA037FD0EC1418D;10791.
 ) 
Here is how much of TeX's memory you used:
 15250 strings out of 480247
 246409 string characters out of 5896151
 591282 words of memory out of 5000000
 32674 multiletter control sequences out of 15000+600000
 546005 words of font info for 171 fonts, out of 8000000 for 9000
 14 hyphenation exceptions out of 8191
 60i,12n,63p,1577b,476s stack positions out of 5000i,500n,10000p,200000b,80000s
{/usr/share/texmf/fonts/enc/dvips/lm/lm-ts1.enc}{/usr/share/texmf/fonts/enc/d
vips/lm/lm-ec.enc}{/usr/share/texmf/fonts/enc/dvips/lm/lm-rm.enc}{/usr/share/te
xmf/fonts/enc/dvips/lm/lm-mathit.enc}{/usr/share/texmf/fonts/enc/dvips/lm/lm-ma
thsy.enc}</usr/share/texmf/fonts/type1/public/lm/lmbx10.pfb></usr/share/texmf/f
onts/type1/public/lm/lmbx12.pfb></usr/share/texmf/fonts/type1/public/lm/lmcsc10
.pfb></usr/share/texmf/fonts/type1/public/lm/lmmi10.pfb></usr/share/texmf/fonts
/type1/public/lm/lmr10.pfb></usr/share/texmf/fonts/type1/public/lm/lmr12.pfb></
usr/share/texmf/fonts/type1/public/lm/lmri10.pfb></usr/share/texmf/fonts/type1/
public/lm/lmsy10.pfb></usr/share/texmf/fonts/type1/public/lm/lmtt10.pfb>
Output written on relatorio.pdf (18 pages, 289055 bytes).
PDF statistics:
 429 PDF objects out of 1000 (max. 8388607)
 383 compressed objects within 4 object streams
 81 named destinations out of 1000 (max. 500000)
 47993 words of extra memory for PDF output out of 51595 (max. 10000000)

