\BOOKMARK [1][-]{section.1}{\376\377\000R\000e\000s\000u\000m\000o}{}% 1
\BOOKMARK [1][-]{section.2}{\376\377\000I\000n\000t\000r\000o\000d\000u\000\347\000\343\000o}{}% 2
\BOOKMARK [1][-]{section.3}{\376\377\000A\000r\000m\000a\000z\000e\000n\000a\000m\000e\000n\000t\000o\000\040\000F\000\355\000s\000i\000c\000o\000\040\000e\000m\000\040\000S\000B\000D\000:\000\040\000D\000A\000S\000,\000\040\000N\000A\000S\000\040\000e\000\040\000S\000A\000N}{}% 3
\BOOKMARK [1][-]{section.4}{\376\377\000I\000n\000t\000e\000r\000f\000a\000c\000e\000s\000\040\000d\000e\000\040\000C\000o\000n\000e\000x\000\343\000o\000\040\000p\000a\000r\000a\000\040\000D\000A\000S}{}% 4
\BOOKMARK [2][-]{subsection.4.1}{\376\377\000S\000A\000T\000A\000\040\000\050\000S\000e\000r\000i\000a\000l\000\040\000A\000T\000A\000\051\000\040\000e\000\040\000e\000S\000A\000T\000A}{section.4}% 5
\BOOKMARK [2][-]{subsection.4.2}{\376\377\000S\000A\000S\000\040\000\050\000S\000e\000r\000i\000a\000l\000\040\000A\000t\000t\000a\000c\000h\000e\000d\000\040\000S\000C\000S\000I\000\051}{section.4}% 6
\BOOKMARK [2][-]{subsection.4.3}{\376\377\000F\000i\000r\000e\000W\000i\000r\000e\000\040\000\050\000I\000E\000E\000E\000\040\0001\0003\0009\0004\000\051}{section.4}% 7
\BOOKMARK [2][-]{subsection.4.4}{\376\377\000U\000S\000B\000\040\000\050\000U\000S\000B\000\040\0003\000\040\000e\000\040\000U\000S\000B\0004\000\051}{section.4}% 8
\BOOKMARK [2][-]{subsection.4.5}{\376\377\000H\000B\000A\000\040\000\050\000H\000o\000s\000t\000\040\000B\000u\000s\000\040\000A\000d\000a\000p\000t\000e\000r\000\051}{section.4}% 9
\BOOKMARK [2][-]{subsection.4.6}{\376\377\000Q\000u\000a\000d\000r\000o\000\040\000C\000o\000m\000p\000a\000r\000a\000t\000i\000v\000o\000\040\000d\000a\000s\000\040\000I\000n\000t\000e\000r\000f\000a\000c\000e\000s\000\040\000D\000A\000S}{section.4}% 10
\BOOKMARK [1][-]{section.5}{\376\377\000R\000A\000I\000D\000:\000\040\000C\000o\000n\000c\000e\000i\000t\000o\000,\000\040\000P\000a\000r\000a\000l\000e\000l\000i\000s\000m\000o\000\040\000e\000\040\000R\000e\000d\000u\000n\000d\000\342\000n\000c\000i\000a}{}% 11
\BOOKMARK [2][-]{subsection.5.1}{\376\377\000P\000a\000r\000a\000l\000e\000l\000i\000s\000m\000o\000\040\000\050\000D\000e\000s\000e\000m\000p\000e\000n\000h\000o\000\051}{section.5}% 12
\BOOKMARK [2][-]{subsection.5.2}{\376\377\000R\000e\000d\000u\000n\000d\000\342\000n\000c\000i\000a\000\040\000\050\000D\000i\000s\000p\000o\000n\000i\000b\000i\000l\000i\000d\000a\000d\000e\000\040\000e\000\040\000C\000o\000n\000f\000i\000a\000b\000i\000l\000i\000d\000a\000d\000e\000\051}{section.5}% 13
\BOOKMARK [1][-]{section.6}{\376\377\000O\000r\000g\000a\000n\000i\000z\000a\000\347\000\343\000o\000\040\000d\000e\000\040\000D\000a\000d\000o\000s\000\040\000e\000m\000\040\000R\000A\000I\000D\000:\000\040\000S\000t\000r\000i\000p\000i\000n\000g\000,\000\040\000M\000i\000r\000r\000o\000r\000i\000n\000g\000\040\000e\000\040\000P\000a\000r\000i\000d\000a\000d\000e}{}% 14
\BOOKMARK [2][-]{subsection.6.1}{\376\377\000D\000a\000t\000a\000\040\000S\000t\000r\000i\000p\000i\000n\000g\000:\000\040\000B\000i\000t\000-\000L\000e\000v\000e\000l\000,\000\040\000B\000y\000t\000e\000-\000L\000e\000v\000e\000l\000\040\000e\000\040\000B\000l\000o\000c\000k\000-\000L\000e\000v\000e\000l}{section.6}% 15
\BOOKMARK [2][-]{subsection.6.2}{\376\377\000M\000i\000r\000r\000o\000r\000i\000n\000g\000\040\000e\000\040\000S\000h\000a\000d\000o\000w\000i\000n\000g}{section.6}% 16
\BOOKMARK [2][-]{subsection.6.3}{\376\377\000P\000a\000r\000i\000d\000a\000d\000e\000\040\000e\000\040\000o\000\040\000B\000l\000o\000c\000o\000\040\000d\000e\000\040\000P\000a\000r\000i\000d\000a\000d\000e}{section.6}% 17
\BOOKMARK [1][-]{section.7}{\376\377\000M\000\351\000t\000r\000i\000c\000a\000s\000\040\000d\000e\000\040\000C\000o\000n\000f\000i\000a\000b\000i\000l\000i\000d\000a\000d\000e\000:\000\040\000M\000T\000T\000F\000,\000\040\000M\000T\000T\000R\000,\000\040\000M\000T\000B\000F\000\040\000e\000\040\000M\000T\000T\000D\000L}{}% 18
\BOOKMARK [2][-]{subsection.7.1}{\376\377\000M\000T\000T\000F\000\040\000\050\000M\000e\000a\000n\000\040\000T\000i\000m\000e\000\040\000T\000o\000\040\000F\000a\000i\000l\000u\000r\000e\000\051}{section.7}% 19
\BOOKMARK [2][-]{subsection.7.2}{\376\377\000M\000T\000T\000R\000\040\000\050\000M\000e\000a\000n\000\040\000T\000i\000m\000e\000\040\000T\000o\000\040\000R\000e\000p\000a\000i\000r\000\051}{section.7}% 20
\BOOKMARK [2][-]{subsection.7.3}{\376\377\000M\000T\000B\000F\000\040\000\050\000M\000e\000a\000n\000\040\000T\000i\000m\000e\000\040\000B\000e\000t\000w\000e\000e\000n\000\040\000F\000a\000i\000l\000u\000r\000e\000s\000\051}{section.7}% 21
\BOOKMARK [2][-]{subsection.7.4}{\376\377\000M\000T\000T\000D\000L\000\040\000\050\000M\000e\000a\000n\000\040\000T\000i\000m\000e\000\040\000T\000o\000\040\000D\000a\000t\000a\000\040\000L\000o\000s\000s\000\051}{section.7}% 22
\BOOKMARK [1][-]{section.8}{\376\377\000N\000\355\000v\000e\000i\000s\000\040\000P\000a\000d\000r\000\343\000o\000\040\000d\000e\000\040\000R\000A\000I\000D\000\040\000\050\0000\000\040\000a\000\040\0006\000,\000\040\0000\000+\0001\000\040\000e\000\040\0001\0000\000\051}{}% 23
\BOOKMARK [2][-]{subsection.8.1}{\376\377\000R\000A\000I\000D\000\040\0000\000\040\040\024\000\040\000S\000t\000r\000i\000p\000i\000n\000g}{section.8}% 24
\BOOKMARK [2][-]{subsection.8.2}{\376\377\000R\000A\000I\000D\000\040\0001\000\040\040\024\000\040\000M\000i\000r\000r\000o\000r\000i\000n\000g}{section.8}% 25
\BOOKMARK [2][-]{subsection.8.3}{\376\377\000R\000A\000I\000D\000\040\0002\000\040\040\024\000\040\000B\000i\000t\000-\000L\000e\000v\000e\000l\000\040\000S\000t\000r\000i\000p\000i\000n\000g\000\040\000c\000o\000m\000\040\000C\000\363\000d\000i\000g\000o\000\040\000H\000a\000m\000m\000i\000n\000g}{section.8}% 26
\BOOKMARK [2][-]{subsection.8.4}{\376\377\000R\000A\000I\000D\000\040\0003\000\040\040\024\000\040\000B\000y\000t\000e\000/\000B\000i\000t\000-\000L\000e\000v\000e\000l\000\040\000S\000t\000r\000i\000p\000i\000n\000g\000\040\000c\000o\000m\000\040\000P\000a\000r\000i\000d\000a\000d\000e\000\040\000D\000e\000d\000i\000c\000a\000d\000a}{section.8}% 27
\BOOKMARK [2][-]{subsection.8.5}{\376\377\000R\000A\000I\000D\000\040\0004\000\040\040\024\000\040\000B\000l\000o\000c\000k\000-\000L\000e\000v\000e\000l\000\040\000S\000t\000r\000i\000p\000i\000n\000g\000\040\000c\000o\000m\000\040\000P\000a\000r\000i\000d\000a\000d\000e\000\040\000D\000e\000d\000i\000c\000a\000d\000a}{section.8}% 28
\BOOKMARK [2][-]{subsection.8.6}{\376\377\000R\000A\000I\000D\000\040\0005\000\040\040\024\000\040\000B\000l\000o\000c\000k\000-\000L\000e\000v\000e\000l\000\040\000S\000t\000r\000i\000p\000i\000n\000g\000\040\000c\000o\000m\000\040\000P\000a\000r\000i\000d\000a\000d\000e\000\040\000D\000i\000s\000t\000r\000i\000b\000u\000\355\000d\000a}{section.8}% 29
\BOOKMARK [2][-]{subsection.8.7}{\376\377\000R\000A\000I\000D\000\040\0006\000\040\040\024\000\040\000D\000u\000p\000l\000a\000\040\000P\000a\000r\000i\000d\000a\000d\000e\000\040\000D\000i\000s\000t\000r\000i\000b\000u\000\355\000d\000a}{section.8}% 30
\BOOKMARK [2][-]{subsection.8.8}{\376\377\000R\000A\000I\000D\000\040\0000\000+\0001\000\040\000e\000\040\000R\000A\000I\000D\000\040\0001\0000\000\040\040\024\000\040\000A\000r\000r\000a\000n\000j\000o\000s\000\040\000A\000n\000i\000n\000h\000a\000d\000o\000s\000\040\000d\000e\000\040\000S\000t\000r\000i\000p\000i\000n\000g\000\040\000e\000\040\000M\000i\000r\000r\000o\000r\000i\000n\000g}{section.8}% 31
\BOOKMARK [2][-]{subsection.8.9}{\376\377\000Q\000u\000a\000d\000r\000o\000\040\000C\000o\000m\000p\000a\000r\000a\000t\000i\000v\000o\000\040\000d\000o\000s\000\040\000N\000\355\000v\000e\000i\000s\000\040\000P\000a\000d\000r\000\343\000o\000\040\000d\000e\000\040\000R\000A\000I\000D}{section.8}% 32
\BOOKMARK [1][-]{section.9}{\376\377\000N\000\355\000v\000e\000i\000s\000\040\000N\000\343\000o\000\040\000P\000a\000d\000r\000\343\000o\000\040\000d\000e\000\040\000R\000A\000I\000D}{}% 33
\BOOKMARK [2][-]{subsection.9.1}{\376\377\000R\000A\000I\000D\000\040\0001\000.\0005}{section.9}% 34
\BOOKMARK [2][-]{subsection.9.2}{\376\377\000R\000A\000I\000D\000\040\0007}{section.9}% 35
\BOOKMARK [2][-]{subsection.9.3}{\376\377\000R\000A\000I\000D\000-\000D\000P\000\040\000\050\000D\000o\000u\000b\000l\000e\000\040\000P\000a\000r\000i\000t\000y\000\051}{section.9}% 36
\BOOKMARK [2][-]{subsection.9.4}{\376\377\000R\000A\000I\000D\000-\000S}{section.9}% 37
\BOOKMARK [2][-]{subsection.9.5}{\376\377\000M\000a\000t\000r\000i\000x\000\040\000R\000A\000I\000D\000\040\000\050\000I\000n\000t\000e\000l\000\051}{section.9}% 38
\BOOKMARK [2][-]{subsection.9.6}{\376\377\000R\000A\000I\000D\000-\000Z}{section.9}% 39
\BOOKMARK [2][-]{subsection.9.7}{\376\377\000O\000u\000t\000r\000o\000s\000\040\000A\000r\000r\000a\000n\000j\000o\000s\000\040\000A\000n\000i\000n\000h\000a\000d\000o\000s\000:\000\040\000R\000A\000I\000D\000\040\0005\0000\000,\000\040\000R\000A\000I\000D\000\040\0006\0000\000\040\000e\000\040\000R\000A\000I\000D\000\040\0001\0000\0000}{section.9}% 40
\BOOKMARK [1][-]{section.10}{\376\377\000R\000e\000c\000o\000m\000e\000n\000d\000a\000\347\000\365\000e\000s\000\040\000d\000e\000\040\000U\000s\000o\000\040\000e\000\040\000A\000p\000l\000i\000c\000a\000\347\000\343\000o\000\040\000e\000m\000\040\000S\000B\000D}{}% 41
\BOOKMARK [1][-]{section.11}{\376\377\000C\000o\000n\000c\000l\000u\000s\000\343\000o}{}% 42
\BOOKMARK [1][-]{section.12}{\376\377\000P\000o\000s\000t\000-\000M\000o\000r\000t\000e\000m\000\040\040\024\000\040\000U\000s\000o\000\040\000d\000e\000\040\000A\000s\000s\000i\000s\000t\000e\000n\000t\000e\000\040\000d\000e\000\040\000I\000A\000\040\000G\000e\000n\000e\000r\000a\000t\000i\000v\000a}{}% 43
\BOOKMARK [2][-]{subsection.12.1}{\376\377\000L\000o\000g\000\040\000C\000r\000o\000n\000o\000l\000\363\000g\000i\000c\000o\000\040\000d\000o\000s\000\040\000P\000r\000o\000m\000p\000t\000s\000-\000C\000h\000a\000v\000e}{section.12}% 44
\BOOKMARK [2][-]{subsection.12.2}{\376\377\000M\000a\000t\000r\000i\000z\000\040\000d\000e\000\040\000R\000e\000s\000p\000o\000n\000s\000a\000b\000i\000l\000i\000d\000a\000d\000e\000s\000\040\000e\000\040\000D\000e\000c\000l\000a\000r\000a\000\347\000\343\000o\000\040\000d\000e\000\040\000A\000u\000t\000o\000r\000i\000a}{section.12}% 45
\BOOKMARK [2][-]{subsection.12.3}{\376\377\000E\000r\000r\000o\000s\000\040\000I\000d\000e\000n\000t\000i\000f\000i\000c\000a\000d\000o\000s\000\040\000e\000\040\000C\000o\000r\000r\000e\000\347\000\365\000e\000s\000\040\000A\000p\000l\000i\000c\000a\000d\000a\000s}{section.12}% 46
\BOOKMARK [1][-]{section.13}{\376\377\000R\000e\000f\000e\000r\000\352\000n\000c\000i\000a\000s\000\040\000B\000i\000b\000l\000i\000o\000g\000r\000\341\000f\000i\000c\000a\000s}{}% 47
